IVEware Setup Checker, Tue Mar 12 14:16:13 2024                                  1

Setup listing:

title Multiple imputation;
datain CRSS;
dataout impute;
default categorical;
minrsqd 0.01;
maxpred 15;
iterations 10;
run;
IVEware Iterative Imputation Procedure, Tue Mar 12 14:16:40 2024                 1

Multiple imputation

Variable            Observed           Imputed    Double counted
DAY_WEEK              167363                 0                 0
HOUR                  166635               728                 0
INT_HWY               167347                16                 0
LGT_COND              165871              1492                 0
MONTH                 167363                 0                 0
PEDS                  167363                 0                 0
PERMVIT               167363                 0                 0
PERNOTMVIT            167363                 0                 0
PVH_INVL              167363                 0                 0
REGION                167363                 0                 0
RELJCT1               124779             42584                 0
RELJCT2               154623             12740                 0
REL_ROAD              167240               123                 0
SCH_BUS               167363                 0                 0
TYP_INT               150147             17216                 0
URBANICITY            167363                 0                 0
VE_FORMS              167363                 0                 0
VE_TOTAL              167363                 0                 0
WEATHER               158782              8581                 0
WRK_ZONE              167363                 0                 0

Variable HOUR
                    Observed           Imputed          Combined
      Code       Freq    Per       Freq    Per       Freq    Per
         0       8075   4.85         43   5.91       8118   4.85
         1      29364  17.62        130  17.86      29494  17.62
         2      37515  22.51        173  23.76      37688  22.52
         3      40476  24.29        172  23.63      40648  24.29
         4      19086  11.45         73  10.03      19159  11.45
         5      17144  10.29         71   9.75      17215  10.29
         6      14975   8.99         66   9.07      15041   8.99
     Total     166635 100.00        728 100.00     167363 100.00

Variable INT_HWY
                    Observed           Imputed          Combined
      Code       Freq    Per       Freq    Per       Freq    Per
         0     148939  89.00         16 100.00     148955  89.00
         1      18408  11.00          0   0.00      18408  11.00
     Total     167347 100.00         16 100.00     167363 100.00

Variable LGT_COND
                    Observed           Imputed          Combined
      Code       Freq    Per       Freq    Per       Freq    Per
         0      19745  11.90        166  11.13      19911  11.90
         1      29892  18.02        253  16.96      30145  18.01
         2       3846   2.32         26   1.74       3872   2.31
         3     112388  67.76       1047  70.17     113435  67.78
     Total     165871 100.00       1492 100.00     167363 100.00
IVEware Iterative Imputation Procedure, Tue Mar 12 14:16:40 2024                 2

Multiple imputation

Variable RELJCT1
                    Observed           Imputed          Combined
      Code       Freq    Per       Freq    Per       Freq    Per
         0     119786  96.00      40945  96.15     160731  96.04
         1       4993   4.00       1639   3.85       6632   3.96
     Total     124779 100.00      42584 100.00     167363 100.00

Variable RELJCT2
                    Observed           Imputed          Combined
      Code       Freq    Per       Freq    Per       Freq    Per
         0      30723  19.87       2559  20.09      33282  19.89
         1      85569  55.34       7082  55.59      92651  55.36
         2      13469   8.71       1095   8.59      14564   8.70
         3      24862  16.08       2004  15.73      26866  16.05
     Total     154623 100.00      12740 100.00     167363 100.00

Variable REL_ROAD
                    Observed           Imputed          Combined
      Code       Freq    Per       Freq    Per       Freq    Per
         0      33297  19.91         22  17.89      33319  19.91
         1     128890  77.07         95  77.24     128985  77.07
         2       5053   3.02          6   4.88       5059   3.02
     Total     167240 100.00        123 100.00     167363 100.00

Variable TYP_INT
                    Observed           Imputed          Combined
      Code       Freq    Per       Freq    Per       Freq    Per
         0      99945  66.56      11475  66.65     111420  66.57
         1      49837  33.19       5700  33.11      55537  33.18
         2        365   0.24         41   0.24        406   0.24
     Total     150147 100.00      17216 100.00     167363 100.00

Variable WEATHER
                    Observed           Imputed          Combined
      Code       Freq    Per       Freq    Per       Freq    Per
         0       1034   0.65         58   0.68       1092   0.65
         1     115325  72.63       6350  74.00     121675  72.70
         2      14876   9.37        743   8.66      15619   9.33
         3      23917  15.06       1257  14.65      25174  15.04
         4       3630   2.29        173   2.02       3803   2.27
     Total     158782 100.00       8581 100.00     167363 100.00
